cmake version 4.3.2

CMake suite maintained and supported by Kitware (kitware.com/cmake).